node.exe : npm warn Unknown project config "shamefully-hoist". This will stop working in the next major version of npm.
At line:1 char:1
+ & "C:\Program Files\nodejs/node.exe" "C:\Program Files\nodejs/node_mo ...
+ ~~~~~~~~~~~~~~~~~~~~~~~~~~~~~~~~~~~~~~~~~~~~~~~~~~~~~~~~~~~~~~~~~~~~~
    + CategoryInfo          : NotSpecified: (npm warn Unknow...version of npm.:String) [], RemoteException
    + FullyQualifiedErrorId : NativeCommandError
 
npm warn Unknown project config "auto-install-peers". This will stop working in the next major version of npm.


  笳鞘蔓笆ｲ
  Slidev  v52.14.2 

  theme       @slidev/theme-default
  css engine  unocss
  entry       C:\Users\raymb\Downloads\KINTO\Pitching\Slidev\kinto-pitch\rspai_week3_asreview.md
[36mvite v7.3.2 [32mbuilding client environment for production...[36m[39m
transforming...
[32m笨・[39m 309 modules transformed.
[31m笨・[39m Build failed in 1.64s
[31m[vite]: Rollup failed to resolve import "/asreview-concept.png" from 
"C:/Users/raymb/Downloads/KINTO/Pitching/Slidev/kinto-pitch/rspai_week3_asreview.md__slidev_2.md".
This is most likely unintended because it can break your application at runtime.
If you do want to externalize this module explicitly add it to
`build.rollupOptions.external`[39m
    at viteLog (file:///C:/Users/raymb/Downloads/KINTO/Pitching/Slidev/kinto-pitch/node_modules/vite/dist/node/chunks/c
onfig.js:33639:57)
    at onRollupLog (file:///C:/Users/raymb/Downloads/KINTO/Pitching/Slidev/kinto-pitch/node_modules/vite/dist/node/chun
ks/config.js:33669:7)
    at onLog (file:///C:/Users/raymb/Downloads/KINTO/Pitching/Slidev/kinto-pitch/node_modules/vite/dist/node/chunks/con
fig.js:33471:4)
    at file:///C:/Users/raymb/Downloads/KINTO/Pitching/Slidev/kinto-pitch/node_modules/rollup/dist/es/shared/node-entry
.js:21383:32
    at Object.logger [as onLog] (file:///C:/Users/raymb/Downloads/KINTO/Pitching/Slidev/kinto-pitch/node_modules/rollup
/dist/es/shared/node-entry.js:23378:9)
    at ModuleLoader.handleInvalidResolvedId (file:///C:/Users/raymb/Downloads/KINTO/Pitching/Slidev/kinto-pitch/node_mo
dules/rollup/dist/es/shared/node-entry.js:22122:26)
    at file:///C:/Users/raymb/Downloads/KINTO/Pitching/Slidev/kinto-pitch/node_modules/rollup/dist/es/shared/node-entry
.js:22080:26 {
  watchFiles: [
    'C:/Users/raymb/Downloads/KINTO/Pitching/Slidev/kinto-pitch/index.html',
    'C:/Users/raymb/Downloads/KINTO/Pitching/Slidev/kinto-pitch/node_modules/@slidev/client/main.ts',
    'C:/Users/raymb/Downloads/KINTO/Pitching/Slidev/kinto-pitch/node_modules/vue/dist/vue.esm-bundler.js',
    'C:/Users/raymb/Downloads/KINTO/Pitching/Slidev/kinto-pitch/node_modules/@slidev/client/setup/main.ts',
    'C:/Users/raymb/Downloads/KINTO/Pitching/Slidev/kinto-pitch/node_modules/@slidev/client/App.vue',
    'C:/Users/raymb/Downloads/KINTO/Pitching/Slidev/kinto-pitch/node_modules/@vue/runtime-dom/dist/runtime-dom.esm-bund
ler.js',
    'C:/Users/raymb/Downloads/KINTO/Pitching/Slidev/kinto-pitch/node_modules/@vue/compiler-dom/dist/compiler-dom.esm-bu
ndler.js',
    'C:/Users/raymb/Downloads/KINTO/Pitching/Slidev/kinto-pitch/node_modules/@vue/shared/dist/shared.esm-bundler.js',
    'C:/Users/raymb/Downloads/KINTO/Pitching/Slidev/kinto-pitch/node_modules/@unhead/vue/dist/client.mjs',
    'C:/Users/raymb/Downloads/KINTO/Pitching/Slidev/kinto-pitch/node_modules/@slidev/client/setup/routes.ts',
    'C:/Users/raymb/Downloads/KINTO/Pitching/Slidev/kinto-pitch/node_modules/@slidev/client/modules/v-click.ts',
    'C:/Users/raymb/Downloads/KINTO/Pitching/Slidev/kinto-pitch/node_modules/vue-router/dist/vue-router.js',
    'C:/Users/raymb/Downloads/KINTO/Pitching/Slidev/kinto-pitch/node_modules/@slidev/client/modules/v-mark.ts',
    
'C:/Users/raymb/Downloads/KINTO/Pitching/Slidev/kinto-pitch/node_modules/@shikijs/vitepress-twoslash/dist/client.mjs',
    'C:/Users/raymb/Downloads/KINTO/Pitching/Slidev/kinto-pitch/node_modules/@slidev/client/modules/v-motion.ts',
    'C:/Users/raymb/Downloads/KINTO/Pitching/Slidev/kinto-pitch/node_modules/@slidev/client/modules/v-drag.ts',
    'C:/Users/raymb/Downloads/KINTO/Pitching/Slidev/kinto-pitch/node_modules/@slidev/client/env.ts',
    'C:/Users/raymb/Downloads/KINTO/Pitching/Slidev/kinto-pitch/node_modules/@slidev/client/setup/root.ts',
    'C:/Users/raymb/Downloads/KINTO/Pitching/Slidev/kinto-pitch/setup/main.ts',
    'C:/Users/raymb/Downloads/KINTO/Pitching/Slidev/kinto-pitch/node_modules/@slidev/client/styles/transitions.css',
    'C:/Users/raymb/Downloads/KINTO/Pitching/Slidev/kinto-pitch/node_modules/@slidev/theme-default/styles/index.ts',
    'C:/Users/raymb/Downloads/KINTO/Pitching/Slidev/kinto-pitch/node_modules/@slidev/client/styles/index.css',
    'C:/Users/raymb/Downloads/KINTO/Pitching/Slidev/kinto-pitch/node_modules/@slidev/client/styles/vars.css',
    'C:/Users/raymb/Downloads/KINTO/Pitching/Slidev/kinto-pitch/node_modules/@shikijs/vitepress-twoslash/style.css',
    'C:/Users/raymb/Downloads/KINTO/Pitching/Slidev/kinto-pitch/node_modules/@unocss/reset/tailwind.css',
    'C:/Users/raymb/Downloads/KINTO/Pitching/Slidev/kinto-pitch/node_modules/@slidev/client/styles/code.css',
    'C:/Users/raymb/Downloads/KINTO/Pitching/Slidev/kinto-pitch/node_modules/shiki-magic-move/dist/style.css',
    'C:/Users/raymb/Downloads/KINTO/Pitching/Slidev/kinto-pitch/node_modules/@slidev/client/styles/katex.css',
    'C:/Users/raymb/Downloads/KINTO/Pitching/Slidev/kinto-pitch/node_modules/@slidev/client/styles/shiki-twoslash.css',
    'C:/Users/raymb/Downloads/KINTO/Pitching/Slidev/kinto-pitch/node_modules/unhead/dist/client.mjs',
    'C:/Users/raymb/Downloads/KINTO/Pitching/Slidev/kinto-pitch/node_modules/@unhead/vue/dist/shared/vue.BM998iwd.mjs',
    'C:/Users/raymb/Downloads/KINTO/Pitching/Slidev/kinto-pitch/node_modules/unhead/dist/plugins.mjs',
    'C:/Users/raymb/Downloads/KINTO/Pitching/Slidev/kinto-pitch/node_modules/@unhead/vue/dist/shared/vue.Cr7xSEtD.mjs',
    'C:/Users/raymb/Downloads/KINTO/Pitching/Slidev/kinto-pitch/node_modules/@unhead/vue/dist/shared/vue.N9zWjxoK.mjs',
    'C:/Users/raymb/Downloads/KINTO/Pitching/Slidev/kinto-pitch/node_modules/unhead/dist/utils.mjs',
    'C:/Users/raymb/Downloads/KINTO/Pitching/Slidev/kinto-pitch/node_modules/floating-vue/dist/floating-vue.mjs',
    'C:/Users/raymb/Downloads/KINTO/Pitching/Slidev/kinto-pitch/node_modules/@slidev/client/constants.ts',
    'C:/Users/raymb/Downloads/KINTO/Pitching/Slidev/kinto-pitch/node_modules/@slidev/client/utils.ts',
    'C:/Users/raymb/Downloads/KINTO/Pitching/Slidev/kinto-pitch/node_modules/@slidev/client/logic/utils.ts',
    'C:/Users/raymb/Downloads/KINTO/Pitching/Slidev/kinto-pitch/node_modules/@slidev/client/composables/useNav.ts',
    'C:/Users/raymb/Downloads/KINTO/Pitching/Slidev/kinto-pitch/node_modules/@slidev/rough-notation/dist/index.mjs',
    'C:/Users/raymb/Downloads/KINTO/Pitching/Slidev/kinto-pitch/node_modules/@vueuse/motion/dist/index.mjs',
    'C:/Users/raymb/Downloads/KINTO/Pitching/Slidev/kinto-pitch/node_modules/@vue/compiler-core/dist/compiler-core.esm-
bundler.js',
    'C:/Users/raymb/Downloads/KINTO/Pitching/Slidev/kinto-pitch/node_modules/@vue/runtime-core/dist/runtime-core.esm-bu
ndler.js',
    'C:/Users/raymb/Downloads/KINTO/Pitching/Slidev/kinto-pitch/node_modules/@slidev/client/composables/useDragElements
.ts',
    'C:/Users/raymb/Downloads/KINTO/Pitching/Slidev/kinto-pitch/node_modules/vue-router/dist/useApi-C8XBqGtv.js',
    'C:/Users/raymb/Downloads/KINTO/Pitching/Slidev/kinto-pitch/node_modules/vue-router/dist/devtools-DUDsFuj9.js',
    'C:/Users/raymb/Downloads/KINTO/Pitching/Slidev/kinto-pitch/node_modules/@slidev/client/pages/notes-edit.vue',
    'C:/Users/raymb/Downloads/KINTO/Pitching/Slidev/kinto-pitch/node_modules/@slidev/client/pages/notes.vue',
    'C:/Users/raymb/Downloads/KINTO/Pitching/Slidev/kinto-pitch/node_modules/@slidev/client/pages/entry.vue',
    'C:/Users/raymb/Downloads/KINTO/Pitching/Slidev/kinto-pitch/node_modules/@slidev/client/pages/404.vue',
    'C:/Users/raymb/Downloads/KINTO/Pitching/Slidev/kinto-pitch/node_modules/@slidev/client/pages/overview.vue',
    'C:/Users/raymb/Downloads/KINTO/Pitching/Slidev/kinto-pitch/node_modules/@slidev/client/pages/presenter.vue',
    'C:/Users/raymb/Downloads/KINTO/Pitching/Slidev/kinto-pitch/node_modules/@slidev/client/pages/play.vue',
    'C:/Users/raymb/Downloads/KINTO/Pitching/Slidev/kinto-pitch/node_modules/unhead/dist/shared/unhead.yem5I2v_.mjs',
    'C:/Users/raymb/Downloads/KINTO/Pitching/Slidev/kinto-pitch/node_modules/unhead/dist/shared/unhead.Ct24BOby.mjs',
    'C:/Users/raymb/Downloads/KINTO/Pitching/Slidev/kinto-pitch/node_modules/unhead/dist/shared/unhead.TxTMM7cM.mjs',
    'C:/Users/raymb/Downloads/KINTO/Pitching/Slidev/kinto-pitch/node_modules/hookable/dist/index.mjs',
    'C:/Users/raymb/Downloads/KINTO/Pitching/Slidev/kinto-pitch/node_modules/unhead/dist/shared/unhead.D4vSFytZ.mjs',
    'C:/Users/raymb/Downloads/KINTO/Pitching/Slidev/kinto-pitch/node_modules/unhead/dist/shared/unhead.CbpEuj3y.mjs',
    'C:/Users/raymb/Downloads/KINTO/Pitching/Slidev/kinto-pitch/node_modules/unhead/dist/shared/unhead.B5FWS6X0.mjs',
    'C:/Users/raymb/Downloads/KINTO/Pitching/Slidev/kinto-pitch/node_modules/unhead/dist/shared/unhead.DQc16pHI.mjs',
    'C:/Users/raymb/Downloads/KINTO/Pitching/Slidev/kinto-pitch/node_modules/unhead/dist/shared/unhead.BYvz9V1x.mjs',
    'C:/Users/raymb/Downloads/KINTO/Pitching/Slidev/kinto-pitch/node_modules/@floating-ui/dom/dist/floating-ui.dom.brow
ser.min.mjs',
    'C:/Users/raymb/Downloads/KINTO/Pitching/Slidev/kinto-pitch/node_modules/@antfu/utils/dist/index.mjs',
    'C:/Users/raymb/Downloads/KINTO/Pitching/Slidev/kinto-pitch/node_modules/@slidev/theme-default/styles/prism.css',
    'C:/Users/raymb/Downloads/KINTO/Pitching/Slidev/kinto-pitch/node_modules/@slidev/theme-default/styles/layouts.css',
    'C:/Users/raymb/Downloads/KINTO/Pitching/Slidev/kinto-pitch/node_modules/@slidev/client/composables/useEmbeddedCtrl
.ts',
    'C:/Users/raymb/Downloads/KINTO/Pitching/Slidev/kinto-pitch/node_modules/@slidev/client/styles/layouts-base.css',
    'C:/Users/raymb/Downloads/KINTO/Pitching/Slidev/kinto-pitch/node_modules/@slidev/client/state/index.ts',
    
'C:/Users/raymb/Downloads/KINTO/Pitching/Slidev/kinto-pitch/node_modules/@slidev/client/composables/usePrintStyles.ts',
    'C:/Users/raymb/Downloads/KINTO/Pitching/Slidev/kinto-pitch/node_modules/@slidev/client/state/drawings.ts',
    'C:/Users/raymb/Downloads/KINTO/Pitching/Slidev/kinto-pitch/node_modules/@slidev/client/composables/useClicks.ts',
    'C:/Users/raymb/Downloads/KINTO/Pitching/Slidev/kinto-pitch/node_modules/@unhead/vue/dist/index.mjs',
    'C:/Users/raymb/Downloads/KINTO/Pitching/Slidev/kinto-pitch/node_modules/@slidev/client/state/shared.ts',
    'C:/Users/raymb/Downloads/KINTO/Pitching/Slidev/kinto-pitch/node_modules/@slidev/client/logic/slides.ts',
    'C:/Users/raymb/Downloads/KINTO/Pitching/Slidev/kinto-pitch/node_modules/roughjs/bin/math.js',
    'C:/Users/raymb/Downloads/KINTO/Pitching/Slidev/kinto-pitch/node_modules/roughjs/bin/renderer.js',
    'C:/Users/raymb/Downloads/KINTO/Pitching/Slidev/kinto-pitch/node_modules/roughjs/bin/generator.js',
    'C:/Users/raymb/Downloads/KINTO/Pitching/Slidev/kinto-pitch/node_modules/@vue/devtools-api/dist/index.js',
    
'C:/Users/raymb/Downloads/KINTO/Pitching/Slidev/kinto-pitch/node_modules/@floating-ui/core/dist/floating-ui.core.mjs',
    'C:/Users/raymb/Downloads/KINTO/Pitching/Slidev/kinto-pitch/node_modules/@slidev/parser/dist/core.mjs',
    'C:/Users/raymb/Downloads/KINTO/Pitching/Slidev/kinto-pitch/node_modules/defu/dist/defu.mjs',
    'C:/Users/raymb/Downloads/KINTO/Pitching/Slidev/kinto-pitch/node_modules/popmotion/dist/es/index.mjs',
    'C:/Users/raymb/Downloads/KINTO/Pitching/Slidev/kinto-pitch/node_modules/framesync/dist/es/index.mjs',
    'C:/Users/raymb/Downloads/KINTO/Pitching/Slidev/kinto-pitch/node_modules/style-value-types/dist/es/index.mjs',
    'C:/Users/raymb/Downloads/KINTO/Pitching/Slidev/kinto-pitch/node_modules/@vueuse/motion/node_modules/@vueuse/shared
/index.mjs',
    'C:/Users/raymb/Downloads/KINTO/Pitching/Slidev/kinto-pitch/node_modules/@vueuse/motion/node_modules/@vueuse/core/i
ndex.mjs',
    'C:\\Users\\raymb\\Downloads\\KINTO\\Pitching\\Slidev\\kinto-pitch\\package.json',
    'C:/Users/raymb/Downloads/KINTO/Pitching/Slidev/kinto-pitch/node_modules/unhead/dist/index.mjs',
    'C:/Users/raymb/Downloads/KINTO/Pitching/Slidev/kinto-pitch/node_modules/@unhead/vue/dist/shared/vue.CVf9mpRR.mjs',
    'C:/Users/raymb/Downloads/KINTO/Pitching/Slidev/kinto-pitch/node_modules/unhead/dist/scripts.mjs',
    'C:/Users/raymb/Downloads/KINTO/Pitching/Slidev/kinto-pitch/node_modules/@vue/reactivity/dist/reactivity.esm-bundle
r.js',
    'C:/Users/raymb/Downloads/KINTO/Pitching/Slidev/kinto-pitch/node_modules/path-data-parser/lib/index.js',
    'C:/Users/raymb/Downloads/KINTO/Pitching/Slidev/kinto-pitch/node_modules/@unhead/vue/dist/utils.mjs',
    'C:/Users/raymb/Downloads/KINTO/Pitching/Slidev/kinto-pitch/node_modules/roughjs/bin/fillers/filler.js',
    'C:/Users/raymb/Downloads/KINTO/Pitching/Slidev/kinto-pitch/node_modules/points-on-curve/lib/index.js',
    'C:/Users/raymb/Downloads/KINTO/Pitching/Slidev/kinto-pitch/node_modules/points-on-path/lib/index.js',
    'C:/Users/raymb/Downloads/KINTO/Pitching/Slidev/kinto-pitch/node_modules/points-on-curve/lib/curve-to-bezier.js',
    'C:/Users/raymb/Downloads/KINTO/Pitching/Slidev/kinto-pitch/node_modules/file-saver/dist/FileSaver.min.js',
    ... 130 more items
  ]
}
